// Jest Snapshot v1, https://goo.gl/fbAQLP

exports[`Should render header correctly 1`] = `
<header>
  <h1>
    Expensify
  </h1>
  <p>
    <NavLink
      activeClassName="is-active"
      aria-current="page"
      to="/dashboard"
    >
      Dashboard
    </NavLink>
  </p>
  <p>
    <NavLink
      activeClassName="is-active"
      aria-current="page"
      to="/create"
    >
      Add Expense
    </NavLink>
  </p>
  <p>
    <NavLink
      activeClassName="is-active"
      aria-current="page"
      to="/help"
    >
      Help
    </NavLink>
  </p>
  <button
    onClick={[Function]}
  >
    Logout
  </button>
</header>
`;
